// Jest Snapshot v1, https://goo.gl/fbAQLP

exports[`CreateContact snapshot 1`] = `
<View
  style={
    Object {
      "backgroundColor": "#fff",
      "flex": 1,
      "paddingTop": 50,
    }
  }
>
  <View
    style={
      Object {
        "alignItems": "center",
      }
    }
  >
    <Image
      large={true}
      source={1}
      style={
        Array [
          Object {
            "borderRadius": 40,
            "height": 80,
            "width": 80,
          },
          Object {
            "height": 200,
            "width": 200,
          },
        ]
      }
      virtual={undefined}
    />
  </View>
  <Text
    accessible={true}
    allowFontScaling={true}
    ellipsizeMode="tail"
    style={
      Object {
        "fontSize": 20,
        "padding": 10,
        "textAlign": "center",
      }
    }
  >
    Welcome to
  </Text>
  <Text
    accessible={true}
    allowFontScaling={true}
    ellipsizeMode="tail"
    style={
      Object {
        "fontSize": 35,
        "justifyContent": "center",
        "padding": 10,
        "textAlign": "center",
      }
    }
  >
    Strong as Bull!
  </Text>
</View>
`;
